main.c:54:6:reset_leds	8	static
main.c:60:6:turn_on_green	8	static
main.c:64:6:turn_off_green	8	static
main.c:68:6:turn_on_red	8	static
main.c:72:6:turn_off_red	8	static
main.c:76:6:turn_on_yellow	8	static
main.c:80:6:turn_off_yellow	8	static
main.c:84:6:turn_on_only_red	8	static
main.c:90:6:turn_on_only_green	8	static
main.c:96:6:turn_on_only_yellow	8	static
main.c:102:5:increase_mode	16	static
main.c:119:5:main	104	static
main.c:196:6:SystemClock_Config	88	static
main.c:249:6:Error_Handler	4	static,ignoring_inline_asm
